/home/sds/DiaROS/DiaROS_ros/install/diaros_package/lib/python3.8/site-packages/diaros_package/ros2_lu.py
/home/sds/DiaROS/DiaROS_ros/install/diaros_package/lib/python3.8/site-packages/diaros_package/__init__.py
/home/sds/DiaROS/DiaROS_ros/install/diaros_package/lib/python3.8/site-packages/diaros_package/testModule.py
/home/sds/DiaROS/DiaROS_ros/install/diaros_package/lib/python3.8/site-packages/diaros_package/publisher.py
/home/sds/DiaROS/DiaROS_ros/install/diaros_package/lib/python3.8/site-packages/diaros_package/ros2_rc.py
/home/sds/DiaROS/DiaROS_ros/install/diaros_package/lib/python3.8/site-packages/diaros_package/ros2_dm.py
/home/sds/DiaROS/DiaROS_ros/install/diaros_package/lib/python3.8/site-packages/diaros_package/ros2_ss.py
/home/sds/DiaROS/DiaROS_ros/install/diaros_package/lib/python3.8/site-packages/diaros_package/ros2_nlg.py
/home/sds/DiaROS/DiaROS_ros/install/diaros_package/lib/python3.8/site-packages/diaros_package/ros2_sm.py
/home/sds/DiaROS/DiaROS_ros/install/diaros_package/lib/python3.8/site-packages/diaros_package/ros2_mm.py
/home/sds/DiaROS/DiaROS_ros/install/diaros_package/lib/python3.8/site-packages/diaros_package/listener.py
/home/sds/DiaROS/DiaROS_ros/install/diaros_package/lib/python3.8/site-packages/diaros_package/ros2_dr.py
/home/sds/DiaROS/DiaROS_ros/install/diaros_package/lib/python3.8/site-packages/diaros_package/__pycache__/ros2_lu.cpython-38.pyc
/home/sds/DiaROS/DiaROS_ros/install/diaros_package/lib/python3.8/site-packages/diaros_package/__pycache__/__init__.cpython-38.pyc
/home/sds/DiaROS/DiaROS_ros/install/diaros_package/lib/python3.8/site-packages/diaros_package/__pycache__/testModule.cpython-38.pyc
/home/sds/DiaROS/DiaROS_ros/install/diaros_package/lib/python3.8/site-packages/diaros_package/__pycache__/publisher.cpython-38.pyc
/home/sds/DiaROS/DiaROS_ros/install/diaros_package/lib/python3.8/site-packages/diaros_package/__pycache__/ros2_rc.cpython-38.pyc
/home/sds/DiaROS/DiaROS_ros/install/diaros_package/lib/python3.8/site-packages/diaros_package/__pycache__/ros2_dm.cpython-38.pyc
/home/sds/DiaROS/DiaROS_ros/install/diaros_package/lib/python3.8/site-packages/diaros_package/__pycache__/ros2_ss.cpython-38.pyc
/home/sds/DiaROS/DiaROS_ros/install/diaros_package/lib/python3.8/site-packages/diaros_package/__pycache__/ros2_nlg.cpython-38.pyc
/home/sds/DiaROS/DiaROS_ros/install/diaros_package/lib/python3.8/site-packages/diaros_package/__pycache__/ros2_sm.cpython-38.pyc
/home/sds/DiaROS/DiaROS_ros/install/diaros_package/lib/python3.8/site-packages/diaros_package/__pycache__/ros2_mm.cpython-38.pyc
/home/sds/DiaROS/DiaROS_ros/install/diaros_package/lib/python3.8/site-packages/diaros_package/__pycache__/listener.cpython-38.pyc
/home/sds/DiaROS/DiaROS_ros/install/diaros_package/lib/python3.8/site-packages/diaros_package/__pycache__/ros2_dr.cpython-38.pyc
/home/sds/DiaROS/DiaROS_ros/install/diaros_package/share/ament_index/resource_index/packages/diaros_package
/home/sds/DiaROS/DiaROS_ros/install/diaros_package/share/diaros_package/package.xml
/home/sds/DiaROS/DiaROS_ros/install/diaros_package/share/diaros_package/test.launch.py
/home/sds/DiaROS/DiaROS_ros/install/diaros_package/share/diaros_package/sdsmod.launch.py
/home/sds/DiaROS/DiaROS_ros/install/diaros_package/lib/python3.8/site-packages/diaros_package-0.0.0-py3.8.egg-info/SOURCES.txt
/home/sds/DiaROS/DiaROS_ros/install/diaros_package/lib/python3.8/site-packages/diaros_package-0.0.0-py3.8.egg-info/top_level.txt
/home/sds/DiaROS/DiaROS_ros/install/diaros_package/lib/python3.8/site-packages/diaros_package-0.0.0-py3.8.egg-info/entry_points.txt
/home/sds/DiaROS/DiaROS_ros/install/diaros_package/lib/python3.8/site-packages/diaros_package-0.0.0-py3.8.egg-info/PKG-INFO
/home/sds/DiaROS/DiaROS_ros/install/diaros_package/lib/python3.8/site-packages/diaros_package-0.0.0-py3.8.egg-info/zip-safe
/home/sds/DiaROS/DiaROS_ros/install/diaros_package/lib/python3.8/site-packages/diaros_package-0.0.0-py3.8.egg-info/requires.txt
/home/sds/DiaROS/DiaROS_ros/install/diaros_package/lib/python3.8/site-packages/diaros_package-0.0.0-py3.8.egg-info/dependency_links.txt
/home/sds/DiaROS/DiaROS_ros/install/diaros_package/lib/diaros_package/dm
/home/sds/DiaROS/DiaROS_ros/install/diaros_package/lib/diaros_package/dr
/home/sds/DiaROS/DiaROS_ros/install/diaros_package/lib/diaros_package/lu
/home/sds/DiaROS/DiaROS_ros/install/diaros_package/lib/diaros_package/mm
/home/sds/DiaROS/DiaROS_ros/install/diaros_package/lib/diaros_package/nlg
/home/sds/DiaROS/DiaROS_ros/install/diaros_package/lib/diaros_package/pub
/home/sds/DiaROS/DiaROS_ros/install/diaros_package/lib/diaros_package/rc
/home/sds/DiaROS/DiaROS_ros/install/diaros_package/lib/diaros_package/relay
/home/sds/DiaROS/DiaROS_ros/install/diaros_package/lib/diaros_package/sm
/home/sds/DiaROS/DiaROS_ros/install/diaros_package/lib/diaros_package/ss
/home/sds/DiaROS/DiaROS_ros/install/diaros_package/lib/diaros_package/sub
